TRD_NUM,TRD_VER,SETTL_CCY,LAST_PX,GROSS_TRD_AMT,TRANS_TYP,CUSIP,FUND,ORIGFACE,SEC_TYPE,PORTFOLIO_NAME
-16,1,HUF,105.0,20265000.0,BUY,BRSYC18C6,14,19300000,GOVT,TEST-VLD
