TRD_NUM,TRD_VER,SETTL_CCY,LAST_PX,GROSS_TRD_AMT,TRANS_TYP,CUSIP,FUND,ORIGFACE,SEC_TYPE,PORTFOLIO_NAME
-17,1,USD,110.0,108126.2900000000,BUY,31410KJ47,14,1384000,POOL,TEST-VLD
