TRD_NUM,TRD_VER,SETTL_CCY,LAST_PX,GROSS_TRD_AMT,TRANS_TYP,CUSIP,FUND,ORIGFACE,SEC_TYPE,PORTFOLIO_NAME
-14,1,COP,101.0,505000000.0,BUY,BRT81JBL1,14,500000000,GOVT,TEST-VLD
