TRD_NUM,TRD_VER,SETTL_CCY,LAST_PX,GROSS_TRD_AMT,TRANS_TYP,CUSIP,FUND,ORIGFACE,SEC_TYPE,PORTFOLIO_NAME
-15,1,CLP,103.0,103000000.0,BUY,BRT1BLM87,14,100000000,GOVT,TEST-VLD
