TEST_ID,CUSIP,ACCURAL_DT,AGENCY
TEST_002,9128284N8,2021-05-15,agy2
TEST_001,9128284N7,2018-05-15,agy1