TEST_ID,CUSIP,ACCURAL_DT,AGENCY
TEST_001,9128284N8,2021-05-15,agy2